19:39:27 **** Incremental Build of configuration Debug for project LAB_1_Keypad ****
make -j8 all 
arm-none-eabi-gcc "../Core/Src/main.c" -mcpu=cortex-m4 -std=gnu11 -g3 -DDEBUG -DUSE_HAL_DRIVER -DSTM32F411xE -c -I../Core/Inc -I../Drivers/STM32F4xx_HAL_Driver/Inc -I../Drivers/STM32F4xx_HAL_Driver/Inc/Legacy -I../Drivers/CMSIS/Device/ST/STM32F4xx/Include -I../Drivers/CMSIS/Include -O0 -ffunction-sections -fdata-sections -Wall -fstack-usage -MMD -MP -MF"Core/Src/main.d" -MT"Core/Src/main.o" --specs=nano.specs -mfpu=fpv4-sp-d16 -mfloat-abi=hard -mthumb -o "Core/Src/main.o"
arm-none-eabi-gcc -o "LAB_1_Keypad.elf" @"objects.list"   -mcpu=cortex-m4 -T"D:\GitHub_repo\LAB_1_Keypad\LAB_1_Keypad\STM32F411RETX_FLASH.ld" --specs=nosys.specs -Wl,-Map="LAB_1_Keypad.map" -Wl,--gc-sections -static --specs=nano.specs -mfpu=fpv4-sp-d16 -mfloat-abi=hard -mthumb -Wl,--start-group -lc -lm -Wl,--end-group
Finished building target: LAB_1_Keypad.elf
 
arm-none-eabi-size   LAB_1_Keypad.elf 
arm-none-eabi-objdump -h -S  LAB_1_Keypad.elf  > "LAB_1_Keypad.list"
   text	   data	    bss	    dec	    hex	filename
   8408	    108	   1676	  10192	   27d0	LAB_1_Keypad.elf
Finished building: default.size.stdout
 
Finished building: LAB_1_Keypad.list
 

19:39:28 Build Finished. 0 errors, 0 warnings. (took 1s.508ms)

